
Id: 37f5de00-8cad-42cd-9133-10fa6d0ab043
Name: Billy Bobs Texas BBQ 
Street: 123 Barbeque St.
City: Kansas City
State: MO
ZipCode: 81721
PhoneNumber: 8761234121
Website: www.billybobs.com
Rating: 0
