
Id: 3d18e4bf-768d-44ec-b3a8-02e8eec06d56
RestaurantId: 5b2805a3-eadc-4fa0-9eba-1caab4620e07
Name: Mikes Tampa
Street: 45 Genevieve Dr.
City: Del Mar
State: CA
ZipCode: 91832
PhoneNumber: 9876253412
Website: www.mikes.com
Rating: 1.23
