
RestaurantPublicId: 00000000-0000-0000-0000-000000000000
ReviewerName: Some Reviewer
Rating: 1
Comment: Some Comment
