
PublicId: 00000000-0000-0000-0000-000000000000
ReviewerName: Some Name
Rating: 5.5
Comment: Some Comment
