
RestaurantPublicId: 3c1c1b2d-90c5-4be1-a433-65e19dc50896
ReviewerName: 
Rating: 0
Comment: 
