
PublicId: 649ec18a-910e-4ee8-a805-d0c0343b7853
ReviewerName: Default
Rating: 1
Comment: Default Comment
