
ReviewId: f02ef066-251e-4f90-b404-eb09ab06ec93
Id: ec6b66f8-c116-4ed5-ba00-bd0d72edabd7
Name: Matt
Rating: 7.5
Comment: Goodio
