
ReviewId: 00000000-0000-0000-0000-000000000000
Id: 00000000-0000-0000-0000-000000000000
Name: 
Rating: 4.45
Comment: It was kinda meh.
